// Jest Snapshot v1, https://goo.gl/fbAQLP

exports[`<InputButton> renders correctly without props 1`] = `
<View
  accessible={true}
  clickable={true}
  isTVSelectable={true}
  onClick={[Function]}
  onResponderGrant={[Function]}
  onResponderMove={[Function]}
  onResponderRelease={[Function]}
  onResponderTerminate={[Function]}
  onResponderTerminationRequest={[Function]}
  onStartShouldSetResponder={[Function]}
  style={
    Object {
      "opacity": 1,
    }
  }
>
  <View
    style={
      Array [
        Object {
          "justifyContent": "center",
        },
        undefined,
      ]
    }
  >
    <Text
      style={
        Array [
          Object {},
          Object {},
          Object {
            "color": "#c7c7cc",
          },
        ]
      }
    />
  </View>
</View>
`;
