// Jest Snapshot v1, https://goo.gl/fbAQLP

exports[`<ModalInputButton> onPress prop should properly call callback 1`] = `
<View
  accessible={true}
  isTVSelectable={true}
  onResponderGrant={[Function]}
  onResponderMove={[Function]}
  onResponderRelease={[Function]}
  onResponderTerminate={[Function]}
  onResponderTerminationRequest={[Function]}
  onStartShouldSetResponder={[Function]}
  style={
    Object {
      "borderRadius": 12,
      "opacity": 1,
      "overflow": "hidden",
    }
  }
>
  <View>
    <Text
      style={
        Array [
          Object {
            "color": "#007aff",
            "fontSize": 18,
            "paddingBottom": 8,
            "paddingLeft": 8,
            "paddingRight": 8,
            "paddingTop": 8,
            "textAlign": "center",
          },
        ]
      }
    >
      My Title
    </Text>
  </View>
</View>
`;

exports[`<ModalInputButton> renders correctly 1`] = `
<View
  accessible={true}
  isTVSelectable={true}
  onResponderGrant={[Function]}
  onResponderMove={[Function]}
  onResponderRelease={[Function]}
  onResponderTerminate={[Function]}
  onResponderTerminationRequest={[Function]}
  onStartShouldSetResponder={[Function]}
  style={
    Object {
      "borderRadius": 12,
      "opacity": 1,
      "overflow": "hidden",
    }
  }
>
  <View>
    <Text
      style={
        Array [
          Object {
            "color": "#007aff",
            "fontSize": 18,
            "paddingBottom": 8,
            "paddingLeft": 8,
            "paddingRight": 8,
            "paddingTop": 8,
            "textAlign": "center",
          },
        ]
      }
    >
      My Title
    </Text>
  </View>
</View>
`;
